** EXPERIMENTAL (HLL) ** Open Watcom Linker Version 2.0.1
Portions Copyright (c) 1985-2002 Sybase, Inc. All Rights Reserved.
Created on:       26/09/06 15:59:58
Executable Image: bb.exe
creating an OS/2 32-bit Presentation Manager executable


                        +------------+
                        |   Groups   |
                        +------------+

Group                           Address              Size
=====                           =======              ====

DGROUP                          0002:00000000        00010d30



                        +--------------+
                        |   Segments   |
                        +--------------+

Segment                Class          Group          Address         Size
=======                =====          =====          =======         ====

BEGTEXT                CODE           AUTO           0001:00000000   00000007
_TEXT                  CODE           AUTO           0001:00000010   0000ded4
_NULL                  BEGDATA        DGROUP         0002:00000000   00000004
_AFTERNULL             BEGDATA        DGROUP         0002:00000004   00000000
CONST                  DATA           DGROUP         0002:00000004   00000220
CONST2                 DATA           DGROUP         0002:00000224   00000000
_DATA                  DATA           DGROUP         0002:00000224   00000570
XIB                    DATA           DGROUP         0002:00000794   00000000
XI                     DATA           DGROUP         0002:00000794   0000002a
XIE                    DATA           DGROUP         0002:000007be   00000000
YIB                    DATA           DGROUP         0002:000007be   00000000
YI                     DATA           DGROUP         0002:000007be   00000012
YIE                    DATA           DGROUP         0002:000007d0   00000000
TIB                    DATA           DGROUP         0002:000007d0   00000000
TI                     DATA           DGROUP         0002:000007d0   00000000
TIE                    DATA           DGROUP         0002:000007d0   00000000
DATA                   DATA           DGROUP         0002:000007d0   00000000
_BSS                   BSS            DGROUP         0002:000007d0   00000558
STACK                  STACK          DGROUP         0002:00000d30   00010000


                        +----------------+
                        |   Memory Map   |
                        +----------------+

* = unreferenced symbol
+ = symbol only referenced locally

Address        Symbol
=======        ======

Module: dlg.obj(D:\Projects\Games\GAME-ACTION-BallsBall\src\dlg.c)
0002:000007d0  _pszHNames
0002:000007f8  _bChange
0002:000007fc+ _ch
0002:00000800+ _ro
0002:00000804+ _co
0002:00000808+ _so
0002:0000080c  _st
0002:00000810+ _ha
0002:00000814+ _c
0002:00000818+ _f
0002:0000081c+ _n
0002:00000820  _p
0002:00000824  _s
0002:00000828+ _bDraw
0002:0000082c+ _br
0002:00000830  _bs
0002:00000834  _h
0002:00000838  _r
0002:0000083c  _szName
0002:00000840  _ba
0001:00000010  ProductInfoDlgProc
0001:00000133+ SetSysMenu_
0001:0000020a  DlgProc
0001:0000029c  HScoresDlgProc
0001:0000039e  SettingsDlgProc
0002:00000224+ _iNoOK
0002:00000844  _pHScores
Module: file.obj(D:\Projects\Games\GAME-ACTION-BallsBall\src\file.c)
0001:00001821  FileOpen_
0001:00002557  FileSave_
0001:00002d3d  FileSaveAs_
0001:00002d80+ GetFileName_
0001:0000301d  UpdateTitleText_
0001:000030e6+ TemplateOpenFilterProc
0001:0000313a+ TemplateSaveFilterProc
0002:00000228+ _szFullPath
Module: help.obj(D:\Projects\Games\GAME-ACTION-BallsBall\src\help.c)
0001:0000318e  InitHelp_
0001:000032f8  HelpGeneral_
0001:00003355  HelpUsingHelp_
0001:000033b2  HelpKeys_
0001:0000340f  HelpIndex_
0001:0000346c  DisplayHelpPanel_
0001:000034ce  DestroyHelpInstance_
Module: init.obj(D:\Projects\Games\GAME-ACTION-BallsBall\src\init.c)
0002:00000874  _Memory
0002:0000087c  _Runner
0002:0000088c  _LineHeight
0002:00000890  _MainX
0002:00000894  _MainY
0002:00000898+ _szIniFile
0002:0000099c  _QSize
0002:000009a0  _Hunters
0002:000009a4  _Balls
0002:000009a8  _BmpSize
0002:000009ac  _Row
0002:000009b0  _Col
0002:000009b4  _CLR_BREAK
0002:000009b8  _bStyle
0002:000009bc  _bSound
0002:000009c0  _iBScore
0002:000009c4  _CLR_STRING
0002:000009c8  _CLR_CHAR
0002:000009cc  _iOScore
0002:000009d0  _CLR_RUNNER
0002:000009d4  _CLR_HUNTERS
0002:000009d8  _iScore
0002:000009dc  _CLR_BALLS
0002:000009e0  _iHScore
0002:000009e4  _bNew
0002:000009e8  _bGame
0002:000009ec  _bHalt
0002:000009f0  _CLR_NEW
0002:000009f4  _CLR_CHANNEL
0001:0000350e  Init_
0001:00003760  LangText_
0001:000037c9  SetLanguage_
0001:000038e1  FreeField_
0001:0000394e  ExitProc_
0001:00003ab8  InitPrf_
0001:0000427a  InitNewGame_
0001:000048f8+ NotUnique_
0001:00004a0d  ClosePrf_
0001:00004eac  HScoresPrf_
0001:0000528d  InitLevel_
0001:0000530e  InitFont_
0002:0000032c  _iLang
0002:00000330  _iLangBase
0002:000009f8  _CLR_FIELD
0002:000009fc  _Field
0002:00000a00  _usLevel
0002:00000a02  _usTime
Module: main.obj(D:\Projects\Games\GAME-ACTION-BallsBall\src\main.c)
0001:000053bb  main_
0001:000055d8  MainWndProc
0001:0000593c  MessageBox_
0001:000059da+ MainCommand_
0001:000063d1+ MainChar_
0001:000065ba+ MainTimer_
0002:00000334  _hwndMainFrame
0002:00000a04  _szUntitled
0002:00000a7c  _hwndMain
0002:00000a80  _hmq
0002:00000a84  _fHelpEnabled
0002:00000a88  _hab
0002:00000a8c+ _hdcMain
0002:00000a90  _hwndMenu
0002:00000a94  _hwndPopupMenu
0002:00000a98  _szAppName
0002:00000ad4  _bStart
Module: menu.obj(D:\Projects\Games\GAME-ACTION-BallsBall\src\menu.c)
0001:00007097  InitMenu_
0001:000071ab+ EnableMenuItem_
0001:00007211  MenuRedraw_
0001:00008098  ApplyLanguage_
Module: move.obj(D:\Projects\Games\GAME-ACTION-BallsBall\src\move.c)
0001:000081c1  MoveRunner_
0001:00008254  MoveHunter_
0001:000086a6  MoveBall_
0001:00008a43  Replace_
Module: pnt.obj(D:\Projects\Games\GAME-ACTION-BallsBall\src\pnt.c)
0001:00008c21  MainPaint_
0001:00008e0a  Quatro_
0001:00009024  Kpyr_
0001:000091de  CTPOKA_
0001:000094e2  DlgQuatro_
0001:00009653  DglKpyr_
0001:000097db  ColorCorrect_
0002:00000ad8  _LevelBeginptl
0002:00000ae0+ _TimeEndptl
0002:00000ae8+ _ScoreEndptl
0002:00000af0+ _LevelEndptl
Module: C:\WATCOM/lib386/os2\clib3r.lib(stk)
0001:000098c1* __STK
0001:000098b1  __CHK
0001:000098f0* __GRO
0001:000098e0* __STKOVERFLOW_
Module: C:\WATCOM/lib386/os2\clib3r.lib(sprintf.c)
0001:00009910  sprintf_
Module: C:\WATCOM/lib386/os2\clib3r.lib(strlen.c)
0001:00009940  strlen_
Module: C:\WATCOM/lib386/os2\clib3r.lib(sscanf.c)
0001:000099a0+ vsscanf_
0001:000099d0  sscanf_
Module: C:\WATCOM/lib386/os2\clib3r.lib(nfree.c)
0001:00009a00  _nfree_
0001:00009a00  free_
0002:00000af8  ___MiniHeapFreeRover
Module: C:\WATCOM/lib386/os2\clib3r.lib(nmalloc.c)
0001:00009b10+ _use_os2_high_mem_
0001:00009b40* _os2lmalloc_
0001:00009b70* _os2hmalloc_
0001:00009bb0  _nmalloc_
0001:00009bb0  malloc_
0002:00000348  ___nheapbeg
0002:0000034c  ___MiniHeapRover
0002:00000350  ___LargestSizeB4MiniHeapRover
0002:00000afc  __os2_use_obj_any
Module: C:\WATCOM/lib386/os2\clib3r.lib(abs.c)
0001:00009cf0  abs_
Module: C:\WATCOM/lib386/os2\clib3r.lib(strcpy.c)
0001:00009d00  strcpy_
Module: C:\WATCOM/lib386/os2\clib3r.lib(fopen.c)
0001:00009d30+ __open_flags_
0001:00009f40+ _fsopen_
0001:00009f90  fopen_
0001:0000a020* freopen_
Module: C:\WATCOM/lib386/os2\clib3r.lib(fclose.c)
0001:0000a090  __doclose_
0001:0000a130  __shutdown_stream_
0001:0000a150  fclose_
0002:00000b00+ ___RmTmpFileFn
Module: C:\WATCOM/lib386/os2\clib3r.lib(strcat.c)
0001:0000a1a0  strcat_
Module: C:\WATCOM/lib386/os2\clib3r.lib(strrchr.c)
0001:0000a1d0  strrchr_
Module: C:\WATCOM/lib386/os2\clib3r.lib(strncpy.c)
0001:0000a1f0  strncpy_
Module: C:\WATCOM/lib386/os2\clib3r.lib(strncat.c)
0001:0000a230  strncat_
Module: C:\WATCOM/lib386/os2\clib3r.lib(rand.c)
0001:0000a270  rand_
0001:0000a2a0* srand_
Module: C:\WATCOM/lib386\math387r.lib(fchop87)
0001:0000a2b4  __CHP
Module: C:\WATCOM/lib386/os2\clib3r.lib(memset.c)
0001:0000a2d0  memset_
Module: C:\WATCOM/lib386/os2\emu387.lib(386)
0001:0000a2e8  __init_387_emulator
0001:0000a2e9* __fini_387_emulator
Module: C:\WATCOM/lib386/os2\clib3r.lib(_8087)
0002:00000354  __8087
0002:00000355  __real87
Module: C:\WATCOM/lib386/os2\clib3r.lib(cstart)
0001:0000a2ec  _cstart_
Module: C:\WATCOM/lib386/os2\clib3r.lib(xmsgo32.c)
0001:0000a350+ __exit_with_msg_
0001:0000a3a0  __fatal_runtime_error_
Module: C:\WATCOM/lib386/os2\clib3r.lib(maino32.c)
0002:00000358+ ___FirstThreadData
0002:0000035c  ___GetThreadPtr
0002:00000360  __AccessFileH
0002:00000364  __ReleaseFileH
0002:00000368  __AccessIOB
0002:0000036c  __ReleaseIOB
0002:00000370  __AccessNHeap
0002:00000374* __AccessFHeap
0002:00000378  __ReleaseNHeap
0002:0000037c* __ReleaseFHeap
0001:0000a3c6  __threadstack_
0001:0000a3cd* __threadid_
0001:0000a3d4  __OS2MainInit_
0001:0000a443+ __OS2Init_
0001:0000a481* __OS2Fini_
0001:0000a489* __shutdown_stack_checking_
0001:0000a49e  __exit_
0002:00000380* __AccessTDList
0002:00000384* __ReleaseTDList
0002:00000388+ ___sig_init_rtn
0002:0000038c* ___sig_fini_rtn
0002:00000390* __threadstksize
0002:00000394  ___process_fini
0002:00000b04  ___Is_DLL
0002:00000b08+ ___saved_CS
Module: C:\WATCOM/lib386/os2\clib3r.lib(vsprintf.c)
0001:0000a510  vsprintf_
Module: C:\WATCOM/lib386/os2\clib3r.lib(scnf.c)
0001:0000b090  __scnf_
Module: C:\WATCOM/lib386/os2\clib3r.lib(mem.c)
0001:0000b300  __MemAllocator
0001:0000b3b0  __MemFree
Module: C:\WATCOM/lib386/os2\clib3r.lib(grownear.c)
0001:0000b6d0  __ExpandDGROUP_
0002:00000398  __os2_obj_any_supported
Module: C:\WATCOM/lib386/os2\clib3r.lib(nmemneed.c)
0001:0000b6f0  __nmemneed_
Module: C:\WATCOM/lib386/os2\clib3r.lib(comtflag.c)
0001:0000b700* __set_commode_
0002:0000039c  __commode
Module: C:\WATCOM/lib386/os2\clib3r.lib(txtmode.c)
0002:000003a0  __fmode
Module: C:\WATCOM/lib386/os2\clib3r.lib(seterrno.c)
0001:0000b710  __set_errno_
0001:0000b71e* __set_EDOM_
0001:0000b72c* __set_ERANGE_
0001:0000b73a* __set_EINVAL_
0001:0000b74d  __set_doserrno_
Module: C:\WATCOM/lib386/os2\clib3r.lib(tolower.c)
0001:0000b760  tolower_
Module: C:\WATCOM/lib386/os2\clib3r.lib(openos2.c)
0001:0000b930* open_
0001:0000b950  sopen_
Module: C:\WATCOM/lib386/os2\clib3r.lib(fseek.c)
0001:0000b9d0  fseek_
Module: C:\WATCOM/lib386/os2\clib3r.lib(chktty.c)
0001:0000bae0  __chktty_
Module: C:\WATCOM/lib386/os2\clib3r.lib(freefp.c)
0001:0000bb20  __freefp_
0001:0000bb70  __purgefp_
Module: C:\WATCOM/lib386/os2\clib3r.lib(allocfp.c)
0001:0000bba0  __allocfp_
Module: C:\WATCOM/lib386/os2\clib3r.lib(iob.c)
0002:000003a4  ___iob
0002:00000c0c  ___ClosedStreams
0002:00000c10  ___OpenStreams
Module: C:\WATCOM/lib386/os2\clib3r.lib(__lseek.c)
0001:0000bc70  __lseek_
Module: C:\WATCOM/lib386/os2\clib3r.lib(_clseos2.c)
0001:0000bca0  __close_
Module: C:\WATCOM/lib386/os2\clib3r.lib(flush.c)
0001:0000bce0  __flush_
Module: C:\WATCOM/lib386/os2\clib3r.lib(__stos)
0001:0000bde0  __STOSB
0001:0000be17* __STOSD
Module: C:\WATCOM/lib386/os2\clib3r.lib(chk8087.c)
0001:0000be90* _fpreset_
0001:0000beb0* __init_8087_
0001:0000bec0  __chk8087_
Module: C:\WATCOM/lib386/os2\clib3r.lib(crwdata)
0002:000005ee  __osmajor
0002:000005ef  __osminor
0002:000005bc* __LpDllName
0002:000005c0* __LpwCmdLine
0002:000005c4* __LpwPgmName
0002:000005c8* __LpwDllName
0002:000005b4  __LpCmdLine
0002:000005b8  __LpPgmName
0002:000005ac* __dynend
0002:000005b0  __curbrk
0002:000005cc* __STACKLOW
0002:000005d0* __STACKTOP
0002:000005d4  __ASTACKSIZ
0002:000005d8  __ASTACKPTR
0002:000005dc* __cbyte
0002:000005e0* __cbyte2
0002:000005e4* __child
0002:000005ea  __Envptr
0002:000005e8  __no87
0002:000005f0* ___FPE_handler
Module: C:\WATCOM/lib386/os2\clib3r.lib(main2o32.c)
0001:0000bf10  __OS2Main
Module: C:\WATCOM/lib386/os2\clib3r.lib(segdefns)
0001:00000003  ___begtext
0002:00000000* __nullarea
0002:00000794  __Start_XI
0002:000007be  __End_XI
0002:000007be  __Start_YI
0002:000007d0  __End_YI
Module: C:\WATCOM/lib386/os2\clib3r.lib(enterdb.c)
0001:0000bf80  __EnterWVIDEO_
0002:000005f4+ ___WD_Present
Module: C:\WATCOM/lib386/os2\clib3r.lib(cinit.c)
0001:0000bfb0  __CommonInit_
0002:00000c14  ___hmodule
Module: C:\WATCOM/lib386/os2\clib3r.lib(initrtns.c)
0001:0000bfd0  __InitRtns
0001:0000c020  __FiniRtns
Module: C:\WATCOM/lib386/os2\clib3r.lib(prtf.c)
0001:0000c080  __prtf_
Module: C:\WATCOM/lib386/os2\clib3r.lib(istable.c)
0001:0000cd50  __IsTable
Module: C:\WATCOM/lib386/os2\clib3r.lib(mbisdbcs.c)
0002:000005f8  ___IsDBCS
Module: C:\WATCOM/lib386/os2\clib3r.lib(mbislead.c)
0001:0000ce60* _ismbblead_
0002:00000c18  ___MBCSIsTable
Module: C:\WATCOM/lib386/os2\clib3r.lib(mbtowc.c)
0001:0000ce80  mbtowc_
Module: C:\WATCOM/lib386/os2\clib3r.lib(bits.c)
0001:0000cf40  __Bits
Module: C:\WATCOM/lib386/os2\clib3r.lib(noefgfmt.c)
0002:000005fc  ___EFG_printf
0002:00000600  ___EFG_scanf
Module: C:\WATCOM/lib386/os2\clib3r.lib(fdfs386)
0001:0000cf94  __FDFS
Module: C:\WATCOM/lib386/os2\clib3r.lib(i8m)
0001:0000cfe0* __I8M
0001:0000cfe0  __U8M
Module: C:\WATCOM/lib386/os2\clib3r.lib(amblksiz.c)
0002:00000604  __amblksiz
Module: C:\WATCOM/lib386/os2\clib3r.lib(heapen.c)
0001:0000d000* _heapenable_
0002:00000608  ___heap_enabled
Module: C:\WATCOM/lib386/os2\clib3r.lib(nheapmin.c)
0001:0000d030  _nheapshrink_
0001:0000d030* _nheapmin_
0001:0000d030* _heapmin_
0001:0000d030* _heapshrink_
Module: C:\WATCOM/lib386/os2\clib3r.lib(umaskval.c)
0002:0000060c  ___umaskval
Module: C:\WATCOM/lib386/os2\clib3r.lib(os2fil64.c)
0002:00000610  ___os2_DosOpenL
0002:00000614+ ___os2_DosSetFilePtrL
0002:00000618+ ___os2_DosSetFileSizeL
0002:0000061c+ ___os2_DosSetFileLocksL
Module: C:\WATCOM/lib386/os2\clib3r.lib(iomode.c)
0001:0000d210  __GetIOMode_
0001:0000d230  __SetIOMode_nogrow_
0002:00000620  ___NFiles
0002:00000624  ___init_mode
0002:00000674  ___io_mode
Module: C:\WATCOM/lib386/os2\clib3r.lib(isattos2.c)
0001:0000d250  isatty_
Module: C:\WATCOM/lib386/os2\clib3r.lib(stiomode.c)
0001:0000d280  __grow_iomode_
0001:0000d350+ __shrink_iomode_
0001:0000d3d0  __SetIOMode_
Module: C:\WATCOM/lib386/os2\clib3r.lib(dosret.c)
0001:0000d440* _dosretax_
0001:0000d450* _dosret0_
0001:0000d460  __set_errno_dos_
0001:0000d490* __set_errno_dos_reterr_
Module: C:\WATCOM/lib386/os2\clib3r.lib(lseek.c)
0001:0000d4a0  lseek_
Module: C:\WATCOM/lib386/os2\clib3r.lib(tell.c)
0001:0000d4d0  tell_
Module: C:\WATCOM/lib386/os2\clib3r.lib(initfile.c)
0001:0000d520  __InitFiles_
Module: C:\WATCOM/lib386/os2\clib3r.lib(ioexit.c)
0001:0000d620* fcloseall_
0001:0000d630  __full_io_exit_
Module: C:\WATCOM/lib386/os2\clib3r.lib(fsync.c)
0001:0000d640  fsync_
Module: C:\WATCOM/lib386/os2\clib3r.lib(qwrit.c)
0001:0000d670  __qwrite_
Module: C:\WATCOM/lib386/os2\clib3r.lib(8087cw.c)
0002:0000077c  __8087cw
Module: C:\WATCOM/lib386/os2\clib3r.lib(init8087)
0001:0000d710  __x87id
Module: C:\WATCOM/lib386/os2\clib3r.lib(mthrdini.c)
0001:0000d750  __InitThreadData_
0002:00000780  ___ThreadDataSize
Module: C:\WATCOM/lib386/os2\clib3r.lib(cmain386.c)
0001:0000d770  __CMain
Module: C:\WATCOM/lib386/os2\clib3r.lib(dosseg)
0000:00001234  __DOSseg__
Module: C:\WATCOM/lib386/os2\clib3r.lib(wctomb.c)
0001:0000d7b0  wctomb_
Module: C:\WATCOM/lib386/os2\clib3r.lib(itoa.c)
0001:0000d7e0+ utoa_
0001:0000d830  itoa_
Module: C:\WATCOM/lib386/os2\clib3r.lib(strupr.c)
0001:0000d860  strupr_
Module: C:\WATCOM/lib386/os2\clib3r.lib(lltoa.c)
0001:0000d880  ulltoa_
0001:0000d8f0* lltoa_
Module: C:\WATCOM/lib386/os2\clib3r.lib(ltoa.c)
0001:0000d920  ultoa_
0001:0000d970* ltoa_
Module: C:\WATCOM/lib386/os2\clib3r.lib(mbinit.c)
0001:0000d9ce  __mbinit_
0002:00000784+ ___MBCodePage
Module: C:\WATCOM/lib386/os2\clib3r.lib(nrealloc.c)
0001:0000dad0* _nrealloc_
0001:0000dad0  realloc_
Module: C:\WATCOM/lib386/os2\clib3r.lib(hdlman.c)
0001:0000db90* __set_handles_
0001:0000dba0* _grow_handles_
0002:00000788  ___NHandles
Module: C:\WATCOM/lib386/os2\clib3r.lib(iomodtty.c)
0001:0000dc00  __ChkTTYIOMode_
0001:0000dc40* __IOMode_
Module: C:\WATCOM/lib386/os2\clib3r.lib(___argc.c)
0002:00000d20  ____Argc
0002:00000d24  ____Argv
Module: C:\WATCOM/lib386/os2\clib3r.lib(exit.c)
0001:0000dc60+ __null_int23_exit_
0001:0000dc61  exit_
0001:0000dcb1* _exit_
0002:0000078c+ ___int23_exit
0002:00000790+ ___FPE_handler_exit
Module: C:\WATCOM/lib386/os2\clib3r.lib(alphabet.c)
0002:000001fc  ___Alphabet
Module: C:\WATCOM/lib386/os2\clib3r.lib(nmsize.c)
0001:0000dcd0  _nmsize_
0001:0000dcd0* _msize_
Module: C:\WATCOM/lib386/os2\clib3r.lib(nexpand.c)
0001:0000dce0  _nexpand_
0001:0000dce0* _expand_
0001:0000dd20+ __HeapManager_expand_


                        +----------------------+
                        |   Imported Symbols   |
                        +----------------------+

Symbol                              Module
======                              ======

WinQueryWindowPos                   PMWIN
WinSetWindowPos                     PMWIN
WinWindowFromID                     PMWIN
WinDismissDlg                       PMWIN
WinDefDlgProc                       PMWIN
WinSendMsg                          PMWIN
WinQueryWindowText                  PMWIN
WinSetWindowText                    PMWIN
WinInvalidateRect                   PMWIN
WinBeginPaint                       PMWIN
WinFillRect                         PMWIN
GpiSetColor                         PMGPI
GpiCharStringAt                     PMGPI
WinEndPaint                         PMWIN
WinLoadString                       PMWIN
WinFileDlg                          PMCTLS
PrfOpenProfile                      PMSHAPI
PrfQueryProfileInt                  PMSHAPI
PrfCloseProfile                     PMSHAPI
PrfWriteProfileString               PMSHAPI
WinDefFileDlgProc                   PMCTLS
WinCreateHelpInstance               HELPMGR
WinAssociateHelpInstance            HELPMGR
WinDestroyHelpInstance              HELPMGR
DosExitList                         DOSCALLS
DosExit                             DOSCALLS
DosQueryModuleName                  DOSCALLS
WinRegisterClass                    PMWIN
WinIsWindow                         PMWIN
WinDestroyWindow                    PMWIN
WinDestroyMsgQueue                  PMWIN
WinTerminate                        PMWIN
PrfQueryProfileString               PMSHAPI
WinDlgBox                           PMWIN
WinStopTimer                        PMWIN
WinQueryAnchorBlock                 PMWIN
GpiCreatePS                         PMGPI
GpiQueryFontMetrics                 PMGPI
GpiDestroyPS                        PMGPI
WinInitialize                       PMWIN
DosBeep                             DOSCALLS
WinCreateMsgQueue                   PMWIN
WinCreateStdWindow                  PMWIN
WinOpenWindowDC                     PMWIN
WinGetMsg                           PMWIN
WinDispatchMsg                      PMWIN
WinLoadMenu                         PMWIN
WinQueryActiveWindow                PMWIN
WinSetActiveWindow                  PMWIN
WinPostMsg                          PMWIN
WinPopupMenu                        PMWIN
WinDefWindowProc                    PMWIN
WinLoadMessage                      PMWIN
WinAlarm                            PMWIN
WinMessageBox                       PMWIN
WinStartTimer                       PMWIN
WinGetPS                            PMWIN
DosSleep                            DOSCALLS
WinReleasePS                        PMWIN
GpiMove                             PMGPI
GpiLine                             PMGPI
GpiSetArcParams                     PMGPI
GpiFullArc                          PMGPI
GpiQueryCurrentPosition             PMGPI
DosWrite                            DOSCALLS
DosQuerySysInfo                     DOSCALLS
DosAllocMem                         DOSCALLS
DosOpen                             DOSCALLS
DosClose                            DOSCALLS
DosSetFilePtr                       DOSCALLS
DosDevConfig                        DOSCALLS
DosFreeMem                          DOSCALLS
DosQueryModuleHandle                DOSCALLS
DosQueryProcAddr                    DOSCALLS
DosQueryHType                       DOSCALLS
DosSetRelMaxFH                      DOSCALLS
DosResetBuffer                      DOSCALLS
DosQueryDBCSEnv                     NLS
DosQueryCp                          DOSCALLS


                        +--------------------+
                        |   Libraries Used   |
                        +--------------------+

C:\WATCOM/lib386\math387r.lib
C:\WATCOM/lib386/os2\emu387.lib
C:\WATCOM/lib386/os2\clib3r.lib
C:\WATCOM/lib386/os2\os2386.lib


                        +-----------------------+
                        |   Linker Statistics   |
                        +-----------------------+

Stack size:  00010000 (65536.)
Memory size:  0001ec14 (125972.)
Entry point address: 0001:0000a2ec
Link time: 00:00.41
