WATCOM Linker Version 11.0
Copyright by Sybase, Inc., and its subsidiaries, 1985, 1997.
Created on:       97/10/30 20:32:57
Executable Image: bb.exe
creating an OS/2 32-bit executable


                        +------------+
                        |   Groups   |
                        +------------+

Group                           Address              Size
=====                           =======              ====

DGROUP                          0002:00000000        00011200



                        +--------------+
                        |   Segments   |
                        +--------------+

Segment                Class          Group          Address         Size
=======                =====          =====          =======         ====

BEGTEXT                CODE           AUTO           0001:00000000   00000007
_TEXT                  CODE           AUTO           0001:00000010   0000dc9b
_NULL                  BEGDATA        DGROUP         0002:00000000   00000004
_AFTERNULL             BEGDATA        DGROUP         0002:00000004   00000000
CONST                  DATA           DGROUP         0002:00000004   00000398
CONST2                 DATA           DGROUP         0002:0000039c   00000000
_DATA                  DATA           DGROUP         0002:0000039c   00000871
XIB                    DATA           DGROUP         0002:00000c0e   00000000
XI                     DATA           DGROUP         0002:00000c0e   00000024
XIE                    DATA           DGROUP         0002:00000c32   00000000
YIB                    DATA           DGROUP         0002:00000c32   00000000
YI                     DATA           DGROUP         0002:00000c32   00000012
YIE                    DATA           DGROUP         0002:00000c44   00000000
TIB                    DATA           DGROUP         0002:00000c44   00000000
TI                     DATA           DGROUP         0002:00000c44   00000000
TIE                    DATA           DGROUP         0002:00000c44   00000000
DATA                   DATA           DGROUP         0002:00000c44   00000000
_BSS                   BSS            DGROUP         0002:00000c50   000005a4
STACK                  STACK          DGROUP         0002:00001200   00010000


                        +----------------+
                        |   Memory Map   |
                        +----------------+

* = unreferenced symbol
+ = symbol only referenced locally

Address        Symbol
=======        ======

Module: dlg.obj(F:\ballsball\dlg.c)
0002:00000c50  _pszHNames
0002:00000c78  _bChange
0002:00000c7c+ _ch
0002:00000c80+ _ro
0002:00000c84+ _co
0002:00000c88+ _so
0002:00000c8c  _st
0002:00000c90+ _ha
0002:00000c94+ _c
0002:00000c98+ _f
0002:00000c9c  _h
0002:00000ca0+ _n
0002:00000ca4  _p
0002:00000ca8  _r
0002:00000cac  _s
0002:00000cb0+ _bDraw
0002:00000cb4  _ba
0002:00000cb8+ _br
0002:00000cbc  _bs
0002:00000cc0  _szName
0001:00000010  ProductInfoDlgProc
0001:00000149+ SetSysMenu_
0001:0000022a  DlgProc
0001:000002bc  HScoresDlgProc
0001:000003c9  SettingsDlgProc
0002:0000039c+ _iNoOK
0002:00000cc4  _pHScores
Module: file.obj(F:\ballsball\file.c)
0001:00001831  FileOpen_
0001:00002554  FileSave_
0001:00002d3a  FileSaveAs_
0001:00002d7d+ GetFileName_
0001:00002ff8  UpdateTitleText_
0001:000030b3+ TemplateOpenFilterProc
0001:00003107+ TemplateSaveFilterProc
0002:000003a0+ _szFullPath
Module: help.obj(F:\ballsball\help.c)
0001:0000315b  InitHelp_
0001:000032c5  HelpGeneral_
0001:00003322  HelpUsingHelp_
0001:0000337f  HelpKeys_
0001:000033dc  HelpIndex_
0001:00003439  DisplayHelpPanel_
0001:0000349b  DestroyHelpInstance_
Module: init.obj(F:\ballsball\init.c)
0002:00000cf4  _Memory
0002:00000cfc  _Runner
0002:00000d0c  _LineHeight
0002:00000d10  _MainX
0002:00000d14  _MainY
0002:00000d18  _bStyle
0002:00000d1c  _bSound
0002:00000d20  _iBScore
0002:00000d24  _CLR_STRING
0002:00000d28  _QSize
0002:00000d2c  _CLR_CHAR
0002:00000d30  _iOScore
0002:00000d34  _Hunters
0002:00000d38  _Balls
0002:00000d3c  _CLR_HUNTERS
0002:00000d40  _BmpSize
0002:00000d44  _iScore
0002:00000d48  _CLR_BALLS
0002:00000d4c  _iHScore
0002:00000d50  _bNew
0002:00000d54  _Row
0002:00000d58  _bGame
0002:00000d5c  _bHalt
0002:00000d60  _Col
0002:00000d64  _CLR_BREAK
0002:00000d68  _CLR_NEW
0002:00000d6c  _CLR_RUNNER
0002:00000d70  _CLR_CHANNEL
0001:000034db  Init_
0001:000035ba  ExitProc_
0001:00003647  InitPrf_
0001:00003db6  InitNewGame_
0001:0000445a+ NotUnique_
0001:0000457b  ClosePrf_
0001:000049ce  HScoresPrf_
0001:00004d71  InitLevel_
0001:00004df2  InitFont_
0002:00000d74  _CLR_FIELD
0002:00000d78  _Field
0002:00000d7c  _usLevel
0002:00000d7e  _usTime
Module: main.obj(F:\ballsball\main.c)
0001:00004e9f  main_
0001:000050a8  MainWndProc
0001:0000544c  MessageBox_
0001:00005599+ MainCommand_
0001:00005e37+ MainChar_
0001:0000603d+ MainTimer_
0002:000004a4  _hwndMainFrame
0002:00000d80  _szUntitled
0002:00000df8  _hwndMain
0002:00000dfc  _hmq
0002:00000e00  _fHelpEnabled
0002:00000e04  _hab
0002:00000e08+ _hdcMain
0002:00000e0c  _hwndMenu
0002:00000e10  _hwndPopupMenu
0002:00000e14  _szAppName
0002:00000e50  _bStart
Module: menu.obj(F:\ballsball\menu.c)
0001:00006b37  InitMenu_
0001:00006c37+ EnableMenuItem_
0001:00006cf3  MenuRedraw_
Module: move.obj(F:\ballsball\move.c)
0001:00007191  MoveRunner_
0001:00007224  MoveHunter_
0001:00007676  MoveBall_
0001:00007a13  Replace_
Module: pnt.obj(F:\ballsball\pnt.c)
0001:00007b2d  MainPaint_
0001:00007c63  Quatro_
0001:00007e7d  Kpyr_
0001:00008097  CTPOKA_
0001:00008346  DlgQuatro_
0001:000084b7  DglKpyr_
0001:000086a3  ColorCorrect_
0002:00000e54  _LevelBeginptl
0002:00000e5c+ _TimeEndptl
0002:00000e64+ _ScoreEndptl
0002:00000e6c+ _LevelEndptl
Module: f:\WATCOM\lib386\os2\clib3r.lib(stk)
0001:00008789* __STK
0001:00008779  __CHK
0001:000087b8  __GRO
0001:000087a8* __STKOVERFLOW_
Module: f:\WATCOM\lib386\os2\clib3r.lib(sprintf)
0001:000087d8  sprintf_
Module: f:\WATCOM\lib386\os2\clib3r.lib(sscanf)
0001:00008826+ vsscanf_
0001:0000884d  sscanf_
Module: f:\WATCOM\lib386\os2\clib3r.lib(nmalloc)
0001:0000886e  _nmalloc_
0001:0000886e  malloc_
0002:000004bc  ___nheapbeg
0002:000004c0  ___MiniHeapRover
0002:000004c4  ___LargestSizeB4MiniHeapRover
Module: f:\WATCOM\lib386\os2\clib3r.lib(nfree)
0001:0000895b  _nfree_
0001:0000895b  free_
0002:00000e74  ___MiniHeapFreeRover
Module: f:\WATCOM\lib386\os2\clib3r.lib(abs)
0001:00008a5f  abs_
Module: f:\WATCOM\lib386\os2\clib3r.lib(strcpy)
0001:00008a66  strcpy_
Module: f:\WATCOM\lib386\os2\clib3r.lib(fopen)
0001:00008a85+ __open_flags_
0001:00008c86+ _fsopen_
0001:00008cca  fopen_
0001:00008d4e* freopen_
Module: f:\WATCOM\lib386\os2\clib3r.lib(fclose)
0001:00008dc5  fclose_
0001:00008e04  __shutdown_stream_
0001:00008e25  __MkTmpFile_
0001:00008ecf  __doclose_
Module: f:\WATCOM\lib386\os2\clib3r.lib(strcat)
0001:00008f8c  strcat_
Module: f:\WATCOM\lib386\os2\clib3r.lib(rand)
0001:00008fc9  rand_
0001:00008fed* srand_
Module: f:\WATCOM\lib386\math387r.lib(fchop)
0001:00008ffe  __CHP
Module: f:\WATCOM\lib386\os2\clib3r.lib(memset)
0001:0000901b  memset_
Module: f:\WATCOM\lib386\os2\emu387.lib(386inite)
0001:00009035* __fini_387_emulator
0001:00009034  __init_387_emulator
Module: f:\WATCOM\lib386\os2\clib3r.lib(01h)
0002:000004c8  __8087
0002:000004c9  __real87
Module: f:\WATCOM\lib386\os2\clib3r.lib(cstart)
0001:00009036  _cstart_
Module: f:\WATCOM\lib386\os2\clib3r.lib(strlen)
0001:000090aa  strlen_
Module: f:\WATCOM\lib386\os2\clib3r.lib(xmsgo32)
0001:000090c3+ __exit_with_msg_
0001:000090f2  __fatal_runtime_error_
Module: f:\WATCOM\lib386\os2\clib3r.lib(maino32)
0002:000004cc  ___GetThreadPtr
0002:000004d0  __AccessFileH
0002:000004d4  __ReleaseFileH
0002:000004d8  __InitAccessH
0002:000004dc  __FiniAccessH
0002:000004e0  __AccessIOB
0002:000004e4  __ReleaseIOB
0002:000004e8  __AccessNHeap
0002:000004ec  __AccessFHeap
0002:000004f0  __ReleaseNHeap
0001:00009115  __threadstack_
0001:0000911c  __threadid_
0001:00009123  __OS2MainInit_
0001:000091f3+ __OS2Init_
0001:0000926f+ __shutdown_stack_checking_
0001:0000928a  __exit_
0002:000004f4  __ReleaseFHeap
0002:000004f8  __AccessTDList
0002:000004fc  __ReleaseTDList
0002:00000500  ___sig_init_rtn
0002:00000504  ___sig_fini_rtn
0002:00000508  __threadstksize
0002:0000050c+ ___process_fini
0002:00000e78  ___Is_DLL
0002:00000e7c  ___FirstThreadData
0002:00000e80+ ___saved_CS
Module: f:\WATCOM\lib386\os2\clib3r.lib(vsprintf)
0001:000092dc  vsprintf_
Module: f:\WATCOM\lib386\os2\clib3r.lib(scnf)
0001:00009300  __scnf_
Module: f:\WATCOM\lib386\os2\clib3r.lib(mem)
0001:0000a1a0  __MemAllocator
0001:0000a250  __MemFree
Module: f:\WATCOM\lib386\os2\clib3r.lib(grownear)
0001:0000a48a  __ExpandDGROUP_
Module: f:\WATCOM\lib386\os2\clib3r.lib(nmemneed)
0001:0000a4e5  __nmemneed_
Module: f:\WATCOM\lib386\os2\clib3r.lib(heapmod)
0002:00000f70  ___nheap_clean
0002:00000f71  ___fheap_clean
Module: f:\WATCOM\lib386\os2\clib3r.lib(comtflag)
0001:0000a4e8* __set_commode_
0002:00000518  __commode
Module: f:\WATCOM\lib386\os2\clib3r.lib(seterrno)
0001:0000a4f3  __set_errno_
0001:0000a501* __set_EDOM_
0001:0000a508* __set_ERANGE_
0001:0000a50f* __set_EINVAL_
0001:0000a51f  __set_doserrno_
Module: f:\WATCOM\lib386\os2\clib3r.lib(iob)
0002:0000051c  ___iob
0002:00000724  ___tmpfnext
0002:00000725  __fmode
0002:00000f74  ___OpenStreams
0002:00000f78  ___ClosedStreams
Module: f:\WATCOM\lib386\os2\clib3r.lib(tolower)
0001:0000a52d  tolower_
Module: f:\WATCOM\lib386\os2\clib3r.lib(openos2)
0001:0000a53e* open_
0001:0000a562  sopen_
Module: f:\WATCOM\lib386\os2\clib3r.lib(allocfp)
0001:0000a72a  __allocfp_
0001:0000a7e5  __freefp_
0001:0000a81e  __purgefp_
Module: f:\WATCOM\lib386\os2\clib3r.lib(fseek)
0001:0000a891  fseek_
Module: f:\WATCOM\lib386\os2\clib3r.lib(chktty)
0001:0000a9a1  __chktty_
Module: f:\WATCOM\lib386\os2\clib3r.lib(winrtns)
0002:0000072c  __WindowsIsWindowedHandle
0002:00000730  __WindowsRemoveWindowedHandle
0002:00000734  __WindowsNewWindow
0002:00000738  __WindowsCloseWindow
0002:0000073c* __WindowsSetAbout
0002:00000740* __WindowsSetAppTitle
0002:00000744* __WindowsSetConTitle
0002:00000748* __WindowsDestroyOnClose
0002:0000074c* __WindowsYieldControl
0002:00000750* __WindowsShutDown
0002:00000754* __WindowsStdin
0002:00000758  __WindowsStdout
0002:0000075c* __WindowsKbhit
0002:00000760* __WindowsGetch
0002:00000764* __WindowsGetche
0002:00000768* __WindowsPutch
0002:0000076c  __WindowExitRtn
Module: f:\WATCOM\lib386\os2\clib3r.lib(gtpidos2)
0001:0000a9d2  getpid_
Module: f:\WATCOM\lib386\os2\clib3r.lib(tmpfl)
0001:0000a9f2* tmpfile_
0001:0000aae7  __GetTmpPath_
Module: f:\WATCOM\lib386\os2\clib3r.lib(flush)
0001:0000abaf  __flush_
Module: f:\WATCOM\lib386\os2\clib3r.lib(ftell)
0001:0000acbe  ftell_
Module: f:\WATCOM\lib386\os2\clib3r.lib(lseekos2)
0001:0000ad17  lseek_
Module: f:\WATCOM\lib386\os2\clib3r.lib(_clseos2)
0001:0000ad71  __close_
Module: f:\WATCOM\lib386\os2\clib3r.lib(remove)
0001:0000adcc  remove_
Module: f:\WATCOM\lib386\os2\clib3r.lib(__stos)
0001:0000ade0  __STOSB
0001:0000ae17* __STOSD
Module: f:\WATCOM\lib386\os2\clib3r.lib(chk8087)
0001:0000ae83* __init_8087_
0001:0000ae90  _fpreset_
0001:0000ae9a  __chk8087_
Module: f:\WATCOM\lib386\os2\clib3r.lib(crwdata)
0002:000008a8* __psp
0002:000008d3  __osmajor
0002:000008d4  __osminor
0002:000008ca* __Extender
0002:000008cb* __ExtenderSubtype
0002:000008cc* __X32VM
0002:000008ac* __x386_stacklow
0002:00000890  __LpCmdLine
0002:00000894  __LpPgmName
0002:00000898* __LpDllName
0002:0000089c  __LpwCmdLine
0002:000008a0  __LpwPgmName
0002:000008a4* __LpwDllName
0002:00000888* __dynend
0002:0000088c  __curbrk
0002:000008ac  __STACKLOW
0002:000008b0* __STACKTOP
0002:000008b4  __ASTACKSIZ
0002:000008b8  __ASTACKPTR
0002:000008bc* __cbyte
0002:000008c0* __cbyte2
0002:000008c4* __child
0002:000008cd  __Envptr
0002:000008d1* __Envseg
0002:000008c8  __no87
0002:000008d5* __FPE_handler
0002:000008d5* ___FPE_handler
Module: f:\WATCOM\lib386\os2\clib3r.lib(main2o32)
0001:0000aee0  __OS2Main
Module: f:\WATCOM\lib386\os2\clib3r.lib(segdefns)
0001:00000003  ___begtext
0002:00000000* __nullarea
0002:00000c0e  __Start_XI
0002:00000c32  __End_XI
0002:00000c32  __Start_YI
0002:00000c44  __End_YI
Module: f:\WATCOM\lib386\os2\clib3r.lib(enterdb)
0001:0000af3e  __EnterWVIDEO_
0002:000008dc+ ___WD_Present
Module: f:\WATCOM\lib386\os2\clib3r.lib(atouni)
0001:0000af64  _atouni_
Module: f:\WATCOM\lib386\os2\clib3r.lib(cinit)
0001:0000afa3  __CommonInit_
0002:00000f7c  ___hmodule
Module: f:\WATCOM\lib386\os2\clib3r.lib(initrtns)
0001:0000afba  __InitRtns
0001:0000b006  __FiniRtns
Module: f:\WATCOM\lib386\os2\clib3r.lib(mthread)
0001:0000b058+ __AccessIOB_
0001:0000b062+ __ReleaseIOB_
0001:0000b06c+ __AccessFileH_
0001:0000b079+ __ReleaseFileH_
0001:0000b089+ __FiniAccessH_
0001:0000b094+ __CloseSemaphore_
0001:0000b0c3+ __AccessNHeap_
0001:0000b0ca+ __ReleaseNHeap_
0001:0000b0d4+ __AccessFHeap_
0001:0000b0db+ __ReleaseFHeap_
0001:0000b0e2+ __AccessTDList_
0001:0000b0e7+ __AccessSemaphore_
0001:0000b147+ __ReleaseTDList_
0001:0000b14c+ __ReleaseSemaphore_
0001:0000b173+ __InitAccessH_
0001:0000b174+ __MultipleThread_
0001:0000b1af  __AllocInitThreadData_
0001:0000b1e9  __OS2AddThread_
0001:0000b246  __OS2RemoveThread_
0001:0000b28b  __InitMultipleThread_
0002:000008e0+ ___AccessSema4
0002:000008e4+ ___ReleaseSema4
0002:000008e8+ ___CloseSema4
Module: f:\WATCOM\lib386\os2\clib3r.lib(growiomd)
0001:0000b3d9  __grow_iomode_
Module: f:\WATCOM\lib386\os2\clib3r.lib(prtf)
0001:0000b485  __prtf_
Module: f:\WATCOM\lib386\os2\clib3r.lib(istable)
0002:000008ec  __IsTable
Module: f:\WATCOM\lib386\os2\clib3r.lib(mbisdbcs)
0002:000010d0  ___IsDBCS
Module: f:\WATCOM\lib386\os2\clib3r.lib(mbislead)
0001:0000c10c* _ismbblead_
0002:000010d4  ___MBCSIsTable
Module: f:\WATCOM\lib386\os2\clib3r.lib(mbtowc)
0001:0000c121  mbtowc_
Module: f:\WATCOM\lib386\os2\clib3r.lib(noefgfmt)
0002:000009f0  ___EFG_printf
0002:000009f4  ___EFG_scanf
Module: f:\WATCOM\lib386\os2\clib3r.lib(fdfs)
0001:0000c1f4  __FDFS
Module: f:\WATCOM\lib386\os2\clib3r.lib(i8m)
0001:0000c240* __I8M
0001:0000c240  __U8M
Module: f:\WATCOM\lib386\os2\clib3r.lib(heapen)
0001:0000c25c* _heapenable_
0002:000009f8  ___heap_enabled
Module: f:\WATCOM\lib386\os2\clib3r.lib(nheapmin)
0001:0000c27d  _nheapshrink_
0001:0000c27d* _nheapmin_
0001:0000c27d* _heapmin_
0001:0000c27d* _heapshrink_
Module: f:\WATCOM\lib386\os2\clib3r.lib(amblksiz)
0002:000009fc  __amblksiz
Module: f:\WATCOM\lib386\os2\clib3r.lib(initfile)
0001:0000c340  __InitFiles_
Module: f:\WATCOM\lib386\os2\clib3r.lib(ioexit)
0001:0000c3d2  __full_io_exit_
0001:0000c3de* fcloseall_
Module: f:\WATCOM\lib386\os2\clib3r.lib(umaskval)
0002:00000a00  ___umaskval
Module: f:\WATCOM\lib386\os2\clib3r.lib(dosret)
0001:0000c43b* _dosret0_
0001:0000c442* _dosretax_
0001:0000c446  __set_errno_dos_
Module: f:\WATCOM\lib386\os2\clib3r.lib(iomode)
0001:0000c4ad  __IOMode_
0001:0000c502  __SetIOMode_
0002:00000a18  ___NFiles
0002:00000a1c  ___init_mode
0002:00000a6c  __iomode
Module: f:\WATCOM\lib386\os2\clib3r.lib(stricmp)
0001:0000c523  stricmp_
Module: f:\WATCOM\lib386\os2\clib3r.lib(tellos2)
0001:0000c55e  tell_
Module: f:\WATCOM\lib386\os2\clib3r.lib(isattos2)
0001:0000c59f  isatty_
Module: f:\WATCOM\lib386\os2\clib3r.lib(accssos2)
0001:0000c5e9  access_
Module: f:\WATCOM\lib386\os2\clib3r.lib(errno)
0001:0000c62d  __get_errno_ptr_
0001:0000c637* __get_doserrno_ptr_
Module: f:\WATCOM\lib386\os2\clib3r.lib(renamos2)
0001:0000c641  rename_
Module: f:\WATCOM\lib386\os2\clib3r.lib(getenv)
0001:0000c657  getenv_
Module: f:\WATCOM\lib386\os2\clib3r.lib(fullpath)
0001:0000c6b1  _fullpath_
Module: f:\WATCOM\lib386\os2\clib3r.lib(gtcwdos2)
0001:0000c80d  getcwd_
Module: f:\WATCOM\lib386\os2\clib3r.lib(qwrit)
0001:0000c8c2  __qwrite_
Module: f:\WATCOM\lib386\os2\clib3r.lib(fsync)
0001:0000c97d  fsync_
Module: f:\WATCOM\lib386\os2\clib3r.lib(fflush)
0001:0000c9b6  fflush_
Module: f:\WATCOM\lib386\os2\clib3r.lib(unlnkos2)
0001:0000c9c6  unlink_
Module: f:\WATCOM\lib386\os2\clib3r.lib(8087cw)
0002:00000a70  __8087cw
Module: f:\WATCOM\lib386\os2\clib3r.lib(init8087)
0001:0000c9de  __init_80x87
Module: f:\WATCOM\lib386\os2\clib3r.lib(regdata)
0001:0000ca05* __RegisterThreadDataSize_
0002:00000a74  ___ThreadDataSize
Module: f:\WATCOM\lib386\os2\clib3r.lib(cmain386)
0001:0000ca2d  __CMain
Module: f:\WATCOM\lib386\os2\clib3r.lib(dosseg)
0000:00001234  __DOSseg__
Module: f:\WATCOM\lib386\os2\clib3r.lib(maxthrds)
0002:00000a78  ___MaxThreads
Module: f:\WATCOM\lib386\os2\clib3r.lib(trdalloc)
0001:0000ca8a  __InitThreadProcessing_
0001:0000caa7  __FiniThreadProcessing_
0002:000011d8  ___ThreadData
Module: f:\WATCOM\lib386\os2\clib3r.lib(trdlist)
0001:0000caf8  __GetThreadData_
0001:0000cbe8  __ReallocThreadData_
0001:0000cd41  __AddThreadData_
0001:0000cda2  __RemoveThreadData_
0001:0000cdec  __ResizeThreadDataList_
0001:0000ce34  __FreeThreadDataList_
Module: f:\WATCOM\lib386\os2\clib3r.lib(calloc)
0001:0000ce5d  calloc_
Module: f:\WATCOM\lib386\os2\clib3r.lib(mthrdini)
0001:0000ce75  __InitThreadData_
Module: f:\WATCOM\lib386\os2\clib3r.lib(register)
0001:0000ce9b* _beginthread_
0001:0000cea2  _endthread_
0001:0000cea9  __initthread_
0001:0000ceb0* __RegisterThreadData_
Module: f:\WATCOM\lib386\os2\clib3r.lib(nrealloc)
0001:0000ceef* _nrealloc_
0001:0000ceef  realloc_
Module: f:\WATCOM\lib386\os2\clib3r.lib(wctomb)
0001:0000cf69  wctomb_
Module: f:\WATCOM\lib386\os2\clib3r.lib(itoa)
0001:0000cf95+ utoa_
0001:0000cfde  itoa_
Module: f:\WATCOM\lib386\os2\clib3r.lib(lltoa)
0001:0000cff9  __clib_ulltoa_
0001:0000d090* __clib_lltoa_
Module: f:\WATCOM\lib386\os2\clib3r.lib(ltoa)
0001:0000d0e6  ultoa_
0001:0000d12f* ltoa_
Module: f:\WATCOM\lib386\os2\clib3r.lib(toupper)
0001:0000d14a  toupper_
Module: f:\WATCOM\lib386\os2\clib3r.lib(mbinit)
0001:0000d158  __mbinit_
0002:00000b00  ___MBCodePage
Module: f:\WATCOM\lib386\os2\clib3r.lib(environ)
0002:000011e0  ___env_mask
0002:000011e4  _environ
0002:000011e8* __wenviron
Module: f:\WATCOM\lib386\os2\clib3r.lib(mbsnicmp)
0001:0000d2b6  _mbsnicmp_
Module: f:\WATCOM\lib386\os2\clib3r.lib(mbslen)
0001:0000d328  _mbslen_
Module: f:\WATCOM\lib386\os2\clib3r.lib(mbscpy)
0001:0000d34a  _mbscpy_
Module: f:\WATCOM\lib386\os2\clib3r.lib(strncpy)
0001:0000d36f  strncpy_
Module: f:\WATCOM\lib386\os2\clib3r.lib(flushall)
0001:0000d394  flushall_
0001:0000d399* __flushall_
Module: f:\WATCOM\lib386\os2\clib3r.lib(stack386)
0001:0000d3d4  stackavail_
Module: f:\WATCOM\lib386\os2\clib3r.lib(___argc)
0002:000011ec  ____Argc
0002:000011f0  ____Argv
Module: f:\WATCOM\lib386\os2\clib3r.lib(exit)
0001:0000d403+ __null_int23_exit_
0001:0000d404  exit_
0001:0000d430+ _exit_
0002:00000b04+ ___int23_exit
0002:00000b08+ ___FPE_handler_exit
Module: f:\WATCOM\lib386\os2\clib3r.lib(thrdmax)
0001:0000d455  __GETMAXTHREADS
Module: f:\WATCOM\lib386\os2\clib3r.lib(thredo32)
0001:0000d4f1  __CBeginThread_
0001:0000d588  __CEndThread_
Module: f:\WATCOM\lib386\os2\clib3r.lib(nmsize)
0001:0000d5a4  _nmsize_
0001:0000d5a4* _msize_
Module: f:\WATCOM\lib386\os2\clib3r.lib(nexpand)
0001:0000d5af  _nexpand_
0001:0000d5af* _expand_
0001:0000d5e9+ __HeapManager_expand_
Module: f:\WATCOM\lib386\os2\clib3r.lib(i8d)
0001:0000d794* __I8D
0001:0000d7e9  __U8D
Module: f:\WATCOM\lib386\os2\clib3r.lib(setenvp)
0001:0000d87c  __setenvp_
Module: f:\WATCOM\lib386\os2\clib3r.lib(mbterm)
0001:0000d934  _mbterm_
Module: f:\WATCOM\lib386\os2\clib3r.lib(mbcicmp)
0001:0000d970  _mbcicmp_
Module: f:\WATCOM\lib386\os2\clib3r.lib(mbsinc)
0001:0000d9c7  _mbsinc_
Module: f:\WATCOM\lib386\os2\clib3r.lib(mbccpy)
0001:0000d9f4  _mbccpy_
Module: f:\WATCOM\lib386\os2\clib3r.lib(mbclen)
0001:0000da25  _mbclen_
Module: f:\WATCOM\lib386\os2\clib3r.lib(mbsupr)
0001:0000da50  _mbsupr_
Module: f:\WATCOM\lib386\os2\clib3r.lib(mbccmp)
0001:0000da9f  _mbccmp_
Module: f:\WATCOM\lib386\os2\clib3r.lib(mbsnextc)
0001:0000daf7  _mbsnextc_
Module: f:\WATCOM\lib386\os2\clib3r.lib(mbcupper)
0001:0000db32  _mbctoupper_
Module: f:\WATCOM\lib386\os2\clib3r.lib(mbconv)
0001:0000dbc7  _mbvtop_
Module: f:\WATCOM\lib386\os2\clib3r.lib(mbdtoupp)
0001:0000dbe1  _mbdtoupper_
Module: f:\WATCOM\lib386\os2\clib3r.lib(ismbdlow)
0001:0000dbf4  _ismbdlower_
Module: f:\WATCOM\lib386\os2\clib3r.lib(mbislegl)
0001:0000dc37  _ismbclegal_
Module: f:\WATCOM\lib386\os2\clib3r.lib(mbistrai)
0001:0000dc76  _ismbbtrail_
Module: f:\WATCOM\lib386\os2\clib3r.lib(isktable)
0002:00000b0c  __IsKTable


                        +----------------------+
                        |   Imported Symbols   |
                        +----------------------+

Symbol                              Module
======                              ======

WinQueryWindowPos                   PMWIN
WinSetWindowPos                     PMWIN
WinWindowFromID                     PMWIN
WinDismissDlg                       PMWIN
WinDefDlgProc                       PMWIN
WinSendMsg                          PMWIN
WinQueryWindowText                  PMWIN
WinSetWindowText                    PMWIN
WinInvalidateRect                   PMWIN
WinBeginPaint                       PMWIN
WinFillRect                         PMWIN
GpiSetColor                         PMGPI
GpiCharStringAt                     PMGPI
WinEndPaint                         PMWIN
WinLoadString                       PMWIN
WinFileDlg                          PMCTLS
PrfOpenProfile                      PMSHAPI
PrfQueryProfileInt                  PMSHAPI
PrfCloseProfile                     PMSHAPI
PrfWriteProfileString               PMSHAPI
WinDefFileDlgProc                   PMCTLS
WinCreateHelpInstance               HELPMGR
WinAssociateHelpInstance            HELPMGR
WinDestroyHelpInstance              HELPMGR
DosExitList                         DOSCALLS
DosExit                             DOSCALLS
WinRegisterClass                    PMWIN
WinIsWindow                         PMWIN
WinDestroyWindow                    PMWIN
WinDestroyMsgQueue                  PMWIN
WinTerminate                        PMWIN
PrfQueryProfileString               PMSHAPI
WinDlgBox                           PMWIN
WinStopTimer                        PMWIN
WinQueryAnchorBlock                 PMWIN
GpiCreatePS                         PMGPI
GpiQueryFontMetrics                 PMGPI
GpiDestroyPS                        PMGPI
WinInitialize                       PMWIN
DosBeep                             DOSCALLS
WinCreateMsgQueue                   PMWIN
WinCreateStdWindow                  PMWIN
WinOpenWindowDC                     PMWIN
WinGetMsg                           PMWIN
WinDispatchMsg                      PMWIN
WinLoadMenu                         PMWIN
WinQueryActiveWindow                PMWIN
WinSetActiveWindow                  PMWIN
WinPostMsg                          PMWIN
WinPopupMenu                        PMWIN
WinDefWindowProc                    PMWIN
WinLoadMessage                      PMWIN
WinAlarm                            PMWIN
WinMessageBox                       PMWIN
WinStartTimer                       PMWIN
WinGetPS                            PMWIN
DosSleep                            DOSCALLS
WinReleasePS                        PMWIN
GpiMove                             PMGPI
GpiLine                             PMGPI
GpiSetArcParams                     PMGPI
GpiFullArc                          PMGPI
GpiQueryCurrentPosition             PMGPI
DosWrite                            DOSCALLS
DosQuerySysInfo                     DOSCALLS
DosSetRelMaxFH                      DOSCALLS
DosAllocMem                         DOSCALLS
DosOpen                             DOSCALLS
DosClose                            DOSCALLS
DosGetInfoBlocks                    DOSCALLS
DosSetFilePtr                       DOSCALLS
DosDevConfig                        DOSCALLS
DosCloseMutexSem                    DOSCALLS
DosCreateMutexSem                   DOSCALLS
DosRequestMutexSem                  DOSCALLS
DosReleaseMutexSem                  DOSCALLS
DosFreeMem                          DOSCALLS
DosQueryHType                       DOSCALLS
DosQueryPathInfo                    DOSCALLS
DosMove                             DOSCALLS
DosQueryCurrentDir                  DOSCALLS
DosQueryCurrentDisk                 DOSCALLS
DosResetBuffer                      DOSCALLS
DosDelete                           DOSCALLS
DosQueryDBCSEnv                     NLS
DosQueryCp                          DOSCALLS
DosPostEventSem                     DOSCALLS
DosCreateEventSem                   DOSCALLS
DosCreateThread                     DOSCALLS
DosWaitEventSem                     DOSCALLS
DosCloseEventSem                    DOSCALLS


                        +--------------------+
                        |   Libraries Used   |
                        +--------------------+

f:\WATCOM\lib386\math387r.lib
f:\WATCOM\lib386\os2\emu387.lib
f:\WATCOM\lib386\os2\clib3r.lib
f:\WATCOM\lib386\os2\os2386.lib


                        +-----------------------+
                        |   Linker Statistics   |
                        +-----------------------+

Stack size:  00010000 (65536.)
Memory size:  0001eeab (126635.)
Entry point address: 0001:00009036
Link time: 00:03.53
